#-----------------------------------------------------------
# Vivado v2017.4.1 (64-bit)
# SW Build 2117270 on Tue Jan 30 15:32:00 MST 2018
# IP Build 2095745 on Tue Jan 30 17:13:15 MST 2018
# Start of session at: Sun Jan 14 01:15:00 2024
# Process ID: 18444
# Current directory: D:/ASIC2/GitHub/Spike_Encoding_System/Spike_Encoding_System/Spike_Encoding_System.runs/Encoding_System_system_ila_0_0_synth_1
# Command line: vivado.exe -log Encoding_System_system_ila_0_0.vds -product Vivado -mode batch -messageDb vivado.pb -notrace -source Encoding_System_system_ila_0_0.tcl
# Log file: D:/ASIC2/GitHub/Spike_Encoding_System/Spike_Encoding_System/Spike_Encoding_System.runs/Encoding_System_system_ila_0_0_synth_1/Encoding_System_system_ila_0_0.vds
# Journal file: D:/ASIC2/GitHub/Spike_Encoding_System/Spike_Encoding_System/Spike_Encoding_System.runs/Encoding_System_system_ila_0_0_synth_1\vivado.jou
#-----------------------------------------------------------
source Encoding_System_system_ila_0_0.tcl -notrace
